// Jest Snapshot v1, https://goo.gl/fbAQLP

exports[`analyzeSource analyzes members correctly 1`] = `
Array [
  Object {
    "label": "depA",
    "referencingMethods": Array [
      "methodC",
    ],
    "type": "dependency",
  },
  Object {
    "label": "depB",
    "referencingMethods": Array [
      "methodB",
      "methodD",
    ],
    "type": "dependency",
  },
  Object {
    "label": "methodC",
    "referencingMethods": Array [
      "methodA",
      "methodE",
    ],
    "type": "privateMethod",
  },
  Object {
    "label": "methodE",
    "referencingMethods": Array [
      "methodF",
    ],
    "type": "privateMethod",
  },
  Object {
    "label": "methodA",
    "referencingMethods": Array [
      "methodB",
    ],
    "type": "publicMethod",
  },
  Object {
    "label": "methodB",
    "referencingMethods": Array [],
    "type": "publicMethod",
  },
  Object {
    "label": "methodD",
    "referencingMethods": Array [],
    "type": "publicMethod",
  },
  Object {
    "label": "methodF",
    "referencingMethods": Array [],
    "type": "publicMethod",
  },
]
`;
